main.c:56:6:set	16	static
main.c:61:6:timer_run	4	static
main.c:74:6:clearLed	8	static
main.c:79:6:enablePin	16	static
main.c:80:6:Q1	8	static
main.c:98:6:Q2	8	static
main.c:116:6:Q3	16	static
main.c:143:6:Q4	8	static
main.c:160:6:Q5	8	static
main.c:179:6:Q6	8	static
main.c:189:6:display7SEG	16	static
main.c:282:6:updateClockBuffer	4	static
main.c:305:5:main	8	static
main.c:343:6:SystemClock_Config	72	static
main.c:379:13:MX_TIM2_Init	32	static
main.c:424:13:MX_GPIO_Init	32	static
main.c:464:6:update7SEG	16	static
main.c:468:6:HAL_TIM_PeriodElapsedCallback	16	static
main.c:474:6:Error_Handler	4	static,ignoring_inline_asm
